c:\users\meckp\source\repos\nonickdma\build\intermediate\aimbot.obj
c:\users\meckp\source\repos\nonickdma\build\intermediate\esp_manager.obj
c:\users\meckp\source\repos\nonickdma\build\intermediate\math.obj
c:\users\meckp\source\repos\nonickdma\build\intermediate\inputmanager.obj
c:\users\meckp\source\repos\nonickdma\build\intermediate\kmbox.obj
c:\users\meckp\source\repos\nonickdma\build\intermediate\game.obj
c:\users\meckp\source\repos\nonickdma\build\intermediate\esp.obj
c:\users\meckp\source\repos\nonickdma\build\intermediate\peddata.obj
c:\users\meckp\source\repos\nonickdma\build\intermediate\shellcode.obj
c:\users\meckp\source\repos\nonickdma\build\intermediate\makcu_wrapper.obj
c:\users\meckp\source\repos\nonickdma\build\intermediate\imgui_demo.obj
c:\users\meckp\source\repos\nonickdma\build\intermediate\imgui_draw.obj
c:\users\meckp\source\repos\nonickdma\build\intermediate\imgui_tables.obj
c:\users\meckp\source\repos\nonickdma\build\intermediate\main.obj
c:\users\meckp\source\repos\nonickdma\build\intermediate\pch.obj
c:\users\meckp\source\repos\nonickdma\build\intermediate\offsets.obj
c:\users\meckp\source\repos\nonickdma\build\intermediate\imgui.obj
c:\users\meckp\source\repos\nonickdma\build\intermediate\imgui_impl_win32.obj
c:\users\meckp\source\repos\nonickdma\build\intermediate\window.obj
c:\users\meckp\source\repos\nonickdma\build\intermediate\memory.obj
c:\users\meckp\source\repos\nonickdma\build\intermediate\serialport.obj
c:\users\meckp\source\repos\nonickdma\build\intermediate\imgui_widgets.obj
c:\users\meckp\source\repos\nonickdma\build\intermediate\dmalibrary.obj
c:\users\meckp\source\repos\nonickdma\build\intermediate\game_setup.obj
c:\users\meckp\source\repos\nonickdma\build\intermediate\imgui_impl_dx11.obj
c:\users\meckp\source\repos\nonickdma\build\intermediate\registry.obj
c:\users\meckp\source\repos\nonickdma\build\intermediate\makcu.obj
c:\users\meckp\source\repos\nonickdma\build\intermediate\vc145.pdb
c:\users\meckp\source\repos\nonickdma\build\nonickdma.exe
c:\users\meckp\source\repos\nonickdma\build\nonickdma.pdb
c:\users\meckp\source\repos\nonickdma\build\intermediate\nonickdma.ipdb
c:\users\meckp\source\repos\nonickdma\build\intermediate\nonickdma.iobj
c:\users\meckp\source\repos\nonickdma\build\intermediate\copy paste from online.vcxproj.filelistabsolute.txt
c:\users\meckp\source\repos\nonickdma\build\intermediate\nonickdma.tlog\cl.command.1.tlog
c:\users\meckp\source\repos\nonickdma\build\intermediate\nonickdma.tlog\cl.items.tlog
c:\users\meckp\source\repos\nonickdma\build\intermediate\nonickdma.tlog\cl.read.1.tlog
c:\users\meckp\source\repos\nonickdma\build\intermediate\nonickdma.tlog\cl.write.1.tlog
c:\users\meckp\source\repos\nonickdma\build\intermediate\nonickdma.tlog\link.command.1.tlog
c:\users\meckp\source\repos\nonickdma\build\intermediate\nonickdma.tlog\link.read.1.tlog
c:\users\meckp\source\repos\nonickdma\build\intermediate\nonickdma.tlog\link.secondary.1.tlog
c:\users\meckp\source\repos\nonickdma\build\intermediate\nonickdma.tlog\link.write.1.tlog
